
Allocating common symbols
Common symbol       size              file

Unintialized_Global
                    0x4               main.o

Memory Configuration

Name             Origin             Length             Attributes
Flash            0x0000000008000000 0x0000000000020000 xr
SRAM             0x0000000020000000 0x0000000000005000 xrw
*default*        0x0000000000000000 0xffffffffffffffff

Linker script and memory map


.text           0x0000000008000000       0xd4
 *(.vectors*)
 .vectors       0x0000000008000000       0x4c startup1.o
 *(.text)
 .text          0x000000000800004c       0x80 main.o
                0x000000000800004c                main
 .text          0x00000000080000cc        0x8 startup1.o
 *(.rodata)

.glue_7         0x00000000080000d4        0x0
 .glue_7        0x00000000080000d4        0x0 linker stubs

.glue_7t        0x00000000080000d4        0x0
 .glue_7t       0x00000000080000d4        0x0 linker stubs

.vfp11_veneer   0x00000000080000d4        0x0
 .vfp11_veneer  0x00000000080000d4        0x0 linker stubs

.v4_bx          0x00000000080000d4        0x0
 .v4_bx         0x00000000080000d4        0x0 linker stubs

.iplt           0x00000000080000d4        0x0
 .iplt          0x00000000080000d4        0x0 main.o

.rel.dyn        0x00000000080000d4        0x0
 .rel.iplt      0x00000000080000d4        0x0 main.o

.data           0x00000000080000d4        0x7
 *(.data)
 .data          0x00000000080000d4        0x7 main.o
                0x00000000080000d4                output_ODR
                0x00000000080000d8                G_variables
 .data          0x00000000080000db        0x0 startup1.o

.igot.plt       0x00000000080000dc        0x0
 .igot.plt      0x00000000080000dc        0x0 main.o

.bss            0x0000000020000000        0x4
 *(.bss)
 .bss           0x0000000020000000        0x0 main.o
 .bss           0x0000000020000000        0x0 startup1.o
 COMMON         0x0000000020000000        0x4 main.o
                0x0000000020000000                Unintialized_Global
LOAD main.o
LOAD startup1.o
OUTPUT(learn_in_depth_cortex_m3.elf elf32-littlearm)

.debug_info     0x0000000000000000      0x193
 .debug_info    0x0000000000000000      0x16d main.o
 .debug_info    0x000000000000016d       0x26 startup1.o

.debug_abbrev   0x0000000000000000      0x104
 .debug_abbrev  0x0000000000000000       0xf0 main.o
 .debug_abbrev  0x00000000000000f0       0x14 startup1.o

.debug_loc      0x0000000000000000       0x38
 .debug_loc     0x0000000000000000       0x38 main.o

.debug_aranges  0x0000000000000000       0x40
 .debug_aranges
                0x0000000000000000       0x20 main.o
 .debug_aranges
                0x0000000000000020       0x20 startup1.o

.debug_line     0x0000000000000000       0x92
 .debug_line    0x0000000000000000       0x56 main.o
 .debug_line    0x0000000000000056       0x3c startup1.o

.debug_str      0x0000000000000000      0x154
 .debug_str     0x0000000000000000      0x13b main.o
                                        0x16f (size before relaxing)
 .debug_str     0x000000000000013b       0x19 startup1.o
                                         0x39 (size before relaxing)

.comment        0x0000000000000000       0x7b
 .comment       0x0000000000000000       0x7b main.o
                                         0x7c (size before relaxing)

.ARM.attributes
                0x0000000000000000       0x31
 .ARM.attributes
                0x0000000000000000       0x33 main.o
 .ARM.attributes
                0x0000000000000033       0x21 startup1.o

.debug_frame    0x0000000000000000       0x2c
 .debug_frame   0x0000000000000000       0x2c main.o
